---
http_interactions:
- request:
    method: post
    uri: https://11.22.33.44:5000/v3/auth/tokens
    body:
      encoding: UTF-8
      string: '{"auth":{"identity":{"methods":["password"],"password":{"user":{"name":"admin","domain":{"id":"default"},"password":"password_2WpEraURh"}}},"scope":{"project":{"name":"admin","domain":{"id":"default"}}}}}'
    headers:
      User-Agent:
      - fog-core/2.1.0
      Content-Type:
      - application/json
  response:
    status:
      code: 201
      message: CREATED
    headers:
      Server:
      - nginx/1.19.0
      Date:
      - Mon, 29 Aug 2022 18:08:36 GMT
      Content-Type:
      - application/json
      Content-Length:
      - '4765'
      Connection:
      - keep-alive
      X-Subject-Token:
      - gAAAAABjDQCk5c5O1EhfC2539tMAj8fMVN2hU0_fZ-Z_xox5n7X5tFqF37ll7m00Shz6VLXj5yJgFwKYkuRpTSLpB7ZAuxEopq58KaaaN8FPQqfzzV4D2s1QmBeJi_4t4E5n_5UtRahJKAY7oMVM1qaUcDRrc4SzBB4s5IUhGSgQIqB08PCx9NE
      Vary:
      - X-Auth-Token
      X-Openstack-Request-Id:
      - req-7d6a9f15-46de-4cb3-a8d4-7ad3019fbd04
    body:
      encoding: ASCII-8BIT
      string: '{"token": {"methods": ["password"], "user": {"domain": {"id": "default",
        "name": "Default"}, "id": "c152ef4680e046adba3d27d84995693e", "name": "admin",
        "password_expires_at": null}, "audit_ids": ["vHc4PkJ-S6Kr8_uhghfQww"], "expires_at":
        "2022-08-29T19:08:36.000000Z", "issued_at": "2022-08-29T18:08:36.000000Z",
        "project": {"domain": {"id": "default", "name": "Default"}, "id": "2d6cfa796cb049c78498b0125c865df7",
        "name": "admin"}, "is_domain": false, "roles": [{"id": "f036044d9cad4ef79ca5ddebf51ec1d3",
        "name": "reader"}, {"id": "11bf6c76364949b59cab21c7ca60f90f", "name": "admin"},
        {"id": "3f6bffd9ad314dedbcab1275705aa081", "name": "member"}], "catalog":
        [{"endpoints": [{"id": "46d7f1839b474019881a8ced6d6c8ea9", "interface": "admin",
        "region_id": "microstack", "url": "https://11.22.33.44:9292", "region": "microstack"},
        {"id": "70edd08ccdb14c729718f590986589c6", "interface": "public", "region_id":
        "microstack", "url": "https://11.22.33.44:9292", "region": "microstack"},
        {"id": "bfa2fe7d39ea4e748eeda8946f6294e0", "interface": "internal", "region_id":
        "microstack", "url": "https://11.22.33.44:9292", "region": "microstack"}],
        "id": "16b2300ccc0e468eb7b1f608075a53c8", "type": "image", "name": "glance"},
        {"endpoints": [{"id": "19577e5394ce499cbfbdd1d6b4d11846", "interface": "internal",
        "region_id": "microstack", "url": "https://11.22.33.44:8774/v2.1", "region":
        "microstack"}, {"id": "902ad65b9b5a460b9adddce873226118", "interface": "public",
        "region_id": "microstack", "url": "https://11.22.33.44:8774/v2.1", "region":
        "microstack"}, {"id": "c23269dd347d47bc8802d4d617f3391e", "interface": "admin",
        "region_id": "microstack", "url": "https://11.22.33.44:8774/v2.1", "region":
        "microstack"}], "id": "1ecd68ad768b417d856b17225bef0215", "type": "compute",
        "name": "nova"}, {"endpoints": [{"id": "169571a6ce5a44388573e85b981606ea",
        "interface": "public", "region_id": "microstack", "url": "https://11.22.33.44:8776/v2/2d6cfa796cb049c78498b0125c865df7",
        "region": "microstack"}, {"id": "8071be47f64449a7a1c495a781ab1ba2", "interface":
        "admin", "region_id": "microstack", "url": "https://11.22.33.44:8776/v2/2d6cfa796cb049c78498b0125c865df7",
        "region": "microstack"}, {"id": "80f3fedb8dbd4224b0185fe8b3a0c070", "interface":
        "internal", "region_id": "microstack", "url": "https://11.22.33.44:8776/v2/2d6cfa796cb049c78498b0125c865df7",
        "region": "microstack"}], "id": "240773bb7c884240b24452fa5a312d81", "type":
        "volumev2", "name": "cinderv2"}, {"endpoints": [{"id": "19afa18d1c3a4d42a02888bc75476b89",
        "interface": "internal", "region_id": "microstack", "url": "https://11.22.33.44:8776/v3/2d6cfa796cb049c78498b0125c865df7",
        "region": "microstack"}, {"id": "7f01af8ba31a4199b9999c506f651627", "interface":
        "public", "region_id": "microstack", "url": "https://11.22.33.44:8776/v3/2d6cfa796cb049c78498b0125c865df7",
        "region": "microstack"}, {"id": "90750638a7d848ee8752bafbcfa6804c", "interface":
        "admin", "region_id": "microstack", "url": "https://11.22.33.44:8776/v3/2d6cfa796cb049c78498b0125c865df7",
        "region": "microstack"}], "id": "254a03b147a8462fa0d87c3d0049ad6c", "type":
        "volumev3", "name": "cinderv3"}, {"endpoints": [{"id": "036928fad9d74b8a94ce0432e65848b5",
        "interface": "public", "region_id": "microstack", "url": "https://11.22.33.44:8778",
        "region": "microstack"}, {"id": "6178a6d44cc54cb5b5a622a9fd3e2f70", "interface":
        "admin", "region_id": "microstack", "url": "https://11.22.33.44:8778", "region":
        "microstack"}, {"id": "8c4dfd0eac814d829a19ed09e39e601f", "interface": "internal",
        "region_id": "microstack", "url": "https://11.22.33.44:8778", "region": "microstack"}],
        "id": "383d8f540e3f486ab999ad708a206e34", "type": "placement", "name": "placement"},
        {"endpoints": [{"id": "023b9a70e7324be0aec671013299ea71", "interface": "public",
        "region_id": "microstack", "url": "https://11.22.33.44:9696", "region": "microstack"},
        {"id": "a2daa8feb17a4037b384f62b24c2ee08", "interface": "admin", "region_id":
        "microstack", "url": "https://11.22.33.44:9696", "region": "microstack"},
        {"id": "fd861bb01fae4c3fb898ea36749637d6", "interface": "internal", "region_id":
        "microstack", "url": "https://11.22.33.44:9696", "region": "microstack"}],
        "id": "71508b3f34364a0886e75f34e2e25f96", "type": "network", "name": "neutron"},
        {"endpoints": [{"id": "0f1adc13a44e41e38eba7ed8729db17b", "interface": "public",
        "region_id": "microstack", "url": "https://11.22.33.44:5000/v3/", "region":
        "microstack"}, {"id": "2650353cd8b74725942ef58278340b73", "interface": "internal",
        "region_id": "microstack", "url": "https://11.22.33.44:5000/v3/", "region":
        "microstack"}, {"id": "8de99ecd62154e7480a5f625f38f723a", "interface": "admin",
        "region_id": "microstack", "url": "https://11.22.33.44:5000/v3/", "region":
        "microstack"}], "id": "f749ea0ccbd94eea952219e90573e553", "type": "identity",
        "name": "keystone"}]}}'
    http_version:
  recorded_at: Mon, 29 Aug 2022 18:08:36 GMT
- request:
    method: get
    uri: https://11.22.33.44:8774/
    body:
      encoding: US-ASCII
      string: ''
    headers:
      User-Agent:
      - fog-core/2.1.0
      Content-Type:
      - application/json
      Accept:
      - application/json
      X-Auth-Token:
      - gAAAAABjDQCk5c5O1EhfC2539tMAj8fMVN2hU0_fZ-Z_xox5n7X5tFqF37ll7m00Shz6VLXj5yJgFwKYkuRpTSLpB7ZAuxEopq58KaaaN8FPQqfzzV4D2s1QmBeJi_4t4E5n_5UtRahJKAY7oMVM1qaUcDRrc4SzBB4s5IUhGSgQIqB08PCx9NE
  response:
    status:
      code: 200
      message: OK
    headers:
      Server:
      - nginx/1.19.0
      Date:
      - Mon, 29 Aug 2022 18:08:36 GMT
      Content-Type:
      - application/json
      Content-Length:
      - '367'
      Connection:
      - keep-alive
    body:
      encoding: ASCII-8BIT
      string: '{"versions": [{"id": "v2.0", "status": "SUPPORTED", "version": "",
        "min_version": "", "updated": "2011-01-21T11:33:21Z", "links": [{"rel": "self",
        "href": "http://127.0.0.1:8764/v2/"}]}, {"id": "v2.1", "status": "CURRENT",
        "version": "2.87", "min_version": "2.1", "updated": "2013-07-23T11:33:21Z",
        "links": [{"rel": "self", "href": "http://127.0.0.1:8764/v2.1/"}]}]}'
    http_version:
  recorded_at: Mon, 29 Aug 2022 18:08:36 GMT
- request:
    method: post
    uri: https://11.22.33.44:5000/v3/auth/tokens
    body:
      encoding: UTF-8
      string: '{"auth":{"identity":{"methods":["password"],"password":{"user":{"name":"admin","domain":{"id":"default"},"password":"password_2WpEraURh"}}},"scope":{"project":{"name":"admin","domain":{"id":"default"}}}}}'
    headers:
      User-Agent:
      - fog-core/2.1.0
      Content-Type:
      - application/json
  response:
    status:
      code: 201
      message: CREATED
    headers:
      Server:
      - nginx/1.19.0
      Date:
      - Mon, 29 Aug 2022 18:08:37 GMT
      Content-Type:
      - application/json
      Content-Length:
      - '4765'
      Connection:
      - keep-alive
      X-Subject-Token:
      - gAAAAABjDQClBQeSiuOqN8fA63JDBcKkSBhMLjKX6SxNQ2XHcj15w1PQt3T63BJWcMr48xjbK-US9Sr5FlQR7HgAWOKgFCwTtaISIphIwg-6ATI4v5tkezl_yvpTkWDUSKbMF6Dq6qCAAiobLid_8q5C2w3UeMJ44KrlYxvEc2QGj3z_8IL2EK0
      Vary:
      - X-Auth-Token
      X-Openstack-Request-Id:
      - req-e6685d7b-b604-4d72-bba3-456fe01fc9fb
    body:
      encoding: ASCII-8BIT
      string: '{"token": {"methods": ["password"], "user": {"domain": {"id": "default",
        "name": "Default"}, "id": "c152ef4680e046adba3d27d84995693e", "name": "admin",
        "password_expires_at": null}, "audit_ids": ["h-yGuusQShSQxKRIXYhf6g"], "expires_at":
        "2022-08-29T19:08:37.000000Z", "issued_at": "2022-08-29T18:08:37.000000Z",
        "project": {"domain": {"id": "default", "name": "Default"}, "id": "2d6cfa796cb049c78498b0125c865df7",
        "name": "admin"}, "is_domain": false, "roles": [{"id": "f036044d9cad4ef79ca5ddebf51ec1d3",
        "name": "reader"}, {"id": "11bf6c76364949b59cab21c7ca60f90f", "name": "admin"},
        {"id": "3f6bffd9ad314dedbcab1275705aa081", "name": "member"}], "catalog":
        [{"endpoints": [{"id": "46d7f1839b474019881a8ced6d6c8ea9", "interface": "admin",
        "region_id": "microstack", "url": "https://11.22.33.44:9292", "region": "microstack"},
        {"id": "70edd08ccdb14c729718f590986589c6", "interface": "public", "region_id":
        "microstack", "url": "https://11.22.33.44:9292", "region": "microstack"},
        {"id": "bfa2fe7d39ea4e748eeda8946f6294e0", "interface": "internal", "region_id":
        "microstack", "url": "https://11.22.33.44:9292", "region": "microstack"}],
        "id": "16b2300ccc0e468eb7b1f608075a53c8", "type": "image", "name": "glance"},
        {"endpoints": [{"id": "19577e5394ce499cbfbdd1d6b4d11846", "interface": "internal",
        "region_id": "microstack", "url": "https://11.22.33.44:8774/v2.1", "region":
        "microstack"}, {"id": "902ad65b9b5a460b9adddce873226118", "interface": "public",
        "region_id": "microstack", "url": "https://11.22.33.44:8774/v2.1", "region":
        "microstack"}, {"id": "c23269dd347d47bc8802d4d617f3391e", "interface": "admin",
        "region_id": "microstack", "url": "https://11.22.33.44:8774/v2.1", "region":
        "microstack"}], "id": "1ecd68ad768b417d856b17225bef0215", "type": "compute",
        "name": "nova"}, {"endpoints": [{"id": "169571a6ce5a44388573e85b981606ea",
        "interface": "public", "region_id": "microstack", "url": "https://11.22.33.44:8776/v2/2d6cfa796cb049c78498b0125c865df7",
        "region": "microstack"}, {"id": "8071be47f64449a7a1c495a781ab1ba2", "interface":
        "admin", "region_id": "microstack", "url": "https://11.22.33.44:8776/v2/2d6cfa796cb049c78498b0125c865df7",
        "region": "microstack"}, {"id": "80f3fedb8dbd4224b0185fe8b3a0c070", "interface":
        "internal", "region_id": "microstack", "url": "https://11.22.33.44:8776/v2/2d6cfa796cb049c78498b0125c865df7",
        "region": "microstack"}], "id": "240773bb7c884240b24452fa5a312d81", "type":
        "volumev2", "name": "cinderv2"}, {"endpoints": [{"id": "19afa18d1c3a4d42a02888bc75476b89",
        "interface": "internal", "region_id": "microstack", "url": "https://11.22.33.44:8776/v3/2d6cfa796cb049c78498b0125c865df7",
        "region": "microstack"}, {"id": "7f01af8ba31a4199b9999c506f651627", "interface":
        "public", "region_id": "microstack", "url": "https://11.22.33.44:8776/v3/2d6cfa796cb049c78498b0125c865df7",
        "region": "microstack"}, {"id": "90750638a7d848ee8752bafbcfa6804c", "interface":
        "admin", "region_id": "microstack", "url": "https://11.22.33.44:8776/v3/2d6cfa796cb049c78498b0125c865df7",
        "region": "microstack"}], "id": "254a03b147a8462fa0d87c3d0049ad6c", "type":
        "volumev3", "name": "cinderv3"}, {"endpoints": [{"id": "036928fad9d74b8a94ce0432e65848b5",
        "interface": "public", "region_id": "microstack", "url": "https://11.22.33.44:8778",
        "region": "microstack"}, {"id": "6178a6d44cc54cb5b5a622a9fd3e2f70", "interface":
        "admin", "region_id": "microstack", "url": "https://11.22.33.44:8778", "region":
        "microstack"}, {"id": "8c4dfd0eac814d829a19ed09e39e601f", "interface": "internal",
        "region_id": "microstack", "url": "https://11.22.33.44:8778", "region": "microstack"}],
        "id": "383d8f540e3f486ab999ad708a206e34", "type": "placement", "name": "placement"},
        {"endpoints": [{"id": "023b9a70e7324be0aec671013299ea71", "interface": "public",
        "region_id": "microstack", "url": "https://11.22.33.44:9696", "region": "microstack"},
        {"id": "a2daa8feb17a4037b384f62b24c2ee08", "interface": "admin", "region_id":
        "microstack", "url": "https://11.22.33.44:9696", "region": "microstack"},
        {"id": "fd861bb01fae4c3fb898ea36749637d6", "interface": "internal", "region_id":
        "microstack", "url": "https://11.22.33.44:9696", "region": "microstack"}],
        "id": "71508b3f34364a0886e75f34e2e25f96", "type": "network", "name": "neutron"},
        {"endpoints": [{"id": "0f1adc13a44e41e38eba7ed8729db17b", "interface": "public",
        "region_id": "microstack", "url": "https://11.22.33.44:5000/v3/", "region":
        "microstack"}, {"id": "2650353cd8b74725942ef58278340b73", "interface": "internal",
        "region_id": "microstack", "url": "https://11.22.33.44:5000/v3/", "region":
        "microstack"}, {"id": "8de99ecd62154e7480a5f625f38f723a", "interface": "admin",
        "region_id": "microstack", "url": "https://11.22.33.44:5000/v3/", "region":
        "microstack"}], "id": "f749ea0ccbd94eea952219e90573e553", "type": "identity",
        "name": "keystone"}]}}'
    http_version:
  recorded_at: Mon, 29 Aug 2022 18:08:37 GMT
- request:
    method: post
    uri: https://11.22.33.44:5000/v3/auth/tokens
    body:
      encoding: UTF-8
      string: '{"auth":{"identity":{"methods":["password"],"password":{"user":{"name":"admin","domain":{"id":"default"},"password":"password_2WpEraURh"}}},"scope":{"project":{"name":"admin","domain":{"id":"default"}}}}}'
    headers:
      User-Agent:
      - fog-core/2.1.0
      Content-Type:
      - application/json
  response:
    status:
      code: 201
      message: CREATED
    headers:
      Server:
      - nginx/1.19.0
      Date:
      - Mon, 29 Aug 2022 18:08:38 GMT
      Content-Type:
      - application/json
      Content-Length:
      - '4765'
      Connection:
      - keep-alive
      X-Subject-Token:
      - gAAAAABjDQCmecY70gpDPSc7Ep21eugbBF0sA7_Z3W7h2cX_v1n5-kecQkJJIhSdj4BT8zoPaaQXQoXsgI1d7U95UzRFnSuhR6te-w0Uy0GrbEGZR4Xnr_1_M9V9uu5FSsUPWezcgLLnAgXEsa8JjCLzUb7DItiYqydE1-MIJuDdcdoQaSt6sgE
      Vary:
      - X-Auth-Token
      X-Openstack-Request-Id:
      - req-ad890406-482d-404c-bd62-e216b6fd1709
    body:
      encoding: ASCII-8BIT
      string: '{"token": {"methods": ["password"], "user": {"domain": {"id": "default",
        "name": "Default"}, "id": "c152ef4680e046adba3d27d84995693e", "name": "admin",
        "password_expires_at": null}, "audit_ids": ["yW7n7x1_Rw2usLeumJLF9Q"], "expires_at":
        "2022-08-29T19:08:38.000000Z", "issued_at": "2022-08-29T18:08:38.000000Z",
        "project": {"domain": {"id": "default", "name": "Default"}, "id": "2d6cfa796cb049c78498b0125c865df7",
        "name": "admin"}, "is_domain": false, "roles": [{"id": "f036044d9cad4ef79ca5ddebf51ec1d3",
        "name": "reader"}, {"id": "11bf6c76364949b59cab21c7ca60f90f", "name": "admin"},
        {"id": "3f6bffd9ad314dedbcab1275705aa081", "name": "member"}], "catalog":
        [{"endpoints": [{"id": "46d7f1839b474019881a8ced6d6c8ea9", "interface": "admin",
        "region_id": "microstack", "url": "https://11.22.33.44:9292", "region": "microstack"},
        {"id": "70edd08ccdb14c729718f590986589c6", "interface": "public", "region_id":
        "microstack", "url": "https://11.22.33.44:9292", "region": "microstack"},
        {"id": "bfa2fe7d39ea4e748eeda8946f6294e0", "interface": "internal", "region_id":
        "microstack", "url": "https://11.22.33.44:9292", "region": "microstack"}],
        "id": "16b2300ccc0e468eb7b1f608075a53c8", "type": "image", "name": "glance"},
        {"endpoints": [{"id": "19577e5394ce499cbfbdd1d6b4d11846", "interface": "internal",
        "region_id": "microstack", "url": "https://11.22.33.44:8774/v2.1", "region":
        "microstack"}, {"id": "902ad65b9b5a460b9adddce873226118", "interface": "public",
        "region_id": "microstack", "url": "https://11.22.33.44:8774/v2.1", "region":
        "microstack"}, {"id": "c23269dd347d47bc8802d4d617f3391e", "interface": "admin",
        "region_id": "microstack", "url": "https://11.22.33.44:8774/v2.1", "region":
        "microstack"}], "id": "1ecd68ad768b417d856b17225bef0215", "type": "compute",
        "name": "nova"}, {"endpoints": [{"id": "169571a6ce5a44388573e85b981606ea",
        "interface": "public", "region_id": "microstack", "url": "https://11.22.33.44:8776/v2/2d6cfa796cb049c78498b0125c865df7",
        "region": "microstack"}, {"id": "8071be47f64449a7a1c495a781ab1ba2", "interface":
        "admin", "region_id": "microstack", "url": "https://11.22.33.44:8776/v2/2d6cfa796cb049c78498b0125c865df7",
        "region": "microstack"}, {"id": "80f3fedb8dbd4224b0185fe8b3a0c070", "interface":
        "internal", "region_id": "microstack", "url": "https://11.22.33.44:8776/v2/2d6cfa796cb049c78498b0125c865df7",
        "region": "microstack"}], "id": "240773bb7c884240b24452fa5a312d81", "type":
        "volumev2", "name": "cinderv2"}, {"endpoints": [{"id": "19afa18d1c3a4d42a02888bc75476b89",
        "interface": "internal", "region_id": "microstack", "url": "https://11.22.33.44:8776/v3/2d6cfa796cb049c78498b0125c865df7",
        "region": "microstack"}, {"id": "7f01af8ba31a4199b9999c506f651627", "interface":
        "public", "region_id": "microstack", "url": "https://11.22.33.44:8776/v3/2d6cfa796cb049c78498b0125c865df7",
        "region": "microstack"}, {"id": "90750638a7d848ee8752bafbcfa6804c", "interface":
        "admin", "region_id": "microstack", "url": "https://11.22.33.44:8776/v3/2d6cfa796cb049c78498b0125c865df7",
        "region": "microstack"}], "id": "254a03b147a8462fa0d87c3d0049ad6c", "type":
        "volumev3", "name": "cinderv3"}, {"endpoints": [{"id": "036928fad9d74b8a94ce0432e65848b5",
        "interface": "public", "region_id": "microstack", "url": "https://11.22.33.44:8778",
        "region": "microstack"}, {"id": "6178a6d44cc54cb5b5a622a9fd3e2f70", "interface":
        "admin", "region_id": "microstack", "url": "https://11.22.33.44:8778", "region":
        "microstack"}, {"id": "8c4dfd0eac814d829a19ed09e39e601f", "interface": "internal",
        "region_id": "microstack", "url": "https://11.22.33.44:8778", "region": "microstack"}],
        "id": "383d8f540e3f486ab999ad708a206e34", "type": "placement", "name": "placement"},
        {"endpoints": [{"id": "023b9a70e7324be0aec671013299ea71", "interface": "public",
        "region_id": "microstack", "url": "https://11.22.33.44:9696", "region": "microstack"},
        {"id": "a2daa8feb17a4037b384f62b24c2ee08", "interface": "admin", "region_id":
        "microstack", "url": "https://11.22.33.44:9696", "region": "microstack"},
        {"id": "fd861bb01fae4c3fb898ea36749637d6", "interface": "internal", "region_id":
        "microstack", "url": "https://11.22.33.44:9696", "region": "microstack"}],
        "id": "71508b3f34364a0886e75f34e2e25f96", "type": "network", "name": "neutron"},
        {"endpoints": [{"id": "0f1adc13a44e41e38eba7ed8729db17b", "interface": "public",
        "region_id": "microstack", "url": "https://11.22.33.44:5000/v3/", "region":
        "microstack"}, {"id": "2650353cd8b74725942ef58278340b73", "interface": "internal",
        "region_id": "microstack", "url": "https://11.22.33.44:5000/v3/", "region":
        "microstack"}, {"id": "8de99ecd62154e7480a5f625f38f723a", "interface": "admin",
        "region_id": "microstack", "url": "https://11.22.33.44:5000/v3/", "region":
        "microstack"}], "id": "f749ea0ccbd94eea952219e90573e553", "type": "identity",
        "name": "keystone"}]}}'
    http_version:
  recorded_at: Mon, 29 Aug 2022 18:08:38 GMT
- request:
    method: post
    uri: https://11.22.33.44:5000/v3/auth/tokens
    body:
      encoding: UTF-8
      string: '{"auth":{"identity":{"methods":["password"],"password":{"user":{"name":"admin","domain":{"id":"default"},"password":"password_2WpEraURh"}}}}}'
    headers:
      User-Agent:
      - fog-core/2.1.0
      Content-Type:
      - application/json
  response:
    status:
      code: 201
      message: CREATED
    headers:
      Server:
      - nginx/1.19.0
      Date:
      - Mon, 29 Aug 2022 18:08:38 GMT
      Content-Type:
      - application/json
      Content-Length:
      - '312'
      Connection:
      - keep-alive
      X-Subject-Token:
      - gAAAAABjDQCmYd4iYlOVnw0MYoK_svONTHSCfM0Kknzi67PGlMEAeUOo2VtmYSEsEEv2idBQqgltdtbxt4NmBIKYUKmjytXM6Xq-iCOI5m5Jw1Ouo2h81eukSQBHPeoqeJiacl4ON9veZzCtVluEMdm5d2xTFDylsw
      Vary:
      - X-Auth-Token
      X-Openstack-Request-Id:
      - req-47df15fb-d0b6-4d95-b78a-ffc2008af3c1
    body:
      encoding: ASCII-8BIT
      string: '{"token": {"methods": ["password"], "user": {"domain": {"id": "default",
        "name": "Default"}, "id": "c152ef4680e046adba3d27d84995693e", "name": "admin",
        "password_expires_at": null}, "audit_ids": ["ClqJ2QYXS2OLpfSpuF-Shw"], "expires_at":
        "2022-08-29T19:08:38.000000Z", "issued_at": "2022-08-29T18:08:38.000000Z"}}'
    http_version:
  recorded_at: Mon, 29 Aug 2022 18:08:38 GMT
- request:
    method: get
    uri: https://11.22.33.44:5000/v3/users/c152ef4680e046adba3d27d84995693e/projects?domain_id=default
    body:
      encoding: US-ASCII
      string: ''
    headers:
      User-Agent:
      - fog-core/2.1.0
      Content-Type:
      - application/json
      Accept:
      - application/json
      X-Auth-Token:
      - gAAAAABjDQCmYd4iYlOVnw0MYoK_svONTHSCfM0Kknzi67PGlMEAeUOo2VtmYSEsEEv2idBQqgltdtbxt4NmBIKYUKmjytXM6Xq-iCOI5m5Jw1Ouo2h81eukSQBHPeoqeJiacl4ON9veZzCtVluEMdm5d2xTFDylsw
  response:
    status:
      code: 200
      message: OK
    headers:
      Server:
      - nginx/1.19.0
      Date:
      - Mon, 29 Aug 2022 18:08:39 GMT
      Content-Type:
      - application/json
      Content-Length:
      - '802'
      Connection:
      - keep-alive
      Vary:
      - X-Auth-Token
      X-Openstack-Request-Id:
      - req-f6107a4a-33d3-434b-961c-cf70609a0266
    body:
      encoding: ASCII-8BIT
      string: '{"projects": [{"id": "2ae41c961536440db58e67b231b85e6e", "name": "manageiq-spec-project",
        "domain_id": "default", "description": "test description", "enabled": true,
        "parent_id": "default", "is_domain": false, "tags": [], "options": {}, "links":
        {"self": "https://11.22.33.44:5000/v3/projects/2ae41c961536440db58e67b231b85e6e"}},
        {"id": "2d6cfa796cb049c78498b0125c865df7", "name": "admin", "domain_id": "default",
        "description": "Bootstrap project for initializing the cloud.", "enabled":
        true, "parent_id": "default", "is_domain": false, "tags": [], "options": {},
        "links": {"self": "https://11.22.33.44:5000/v3/projects/2d6cfa796cb049c78498b0125c865df7"}}],
        "links": {"next": null, "self": "https://11.22.33.44:5000/v3/users/c152ef4680e046adba3d27d84995693e/projects?domain_id=default",
        "previous": null}}

        '
    http_version:
  recorded_at: Mon, 29 Aug 2022 18:08:39 GMT
- request:
    method: post
    uri: https://11.22.33.44:5000/v3/auth/tokens
    body:
      encoding: UTF-8
      string: '{"auth":{"identity":{"methods":["password"],"password":{"user":{"name":"admin","domain":{"id":"default"},"password":"password_2WpEraURh"}}},"scope":{"project":{"name":"manageiq-spec-project","domain":{"id":"default"}}}}}'
    headers:
      User-Agent:
      - fog-core/2.1.0
      Content-Type:
      - application/json
  response:
    status:
      code: 201
      message: CREATED
    headers:
      Server:
      - nginx/1.19.0
      Date:
      - Mon, 29 Aug 2022 18:08:39 GMT
      Content-Type:
      - application/json
      Content-Length:
      - '4781'
      Connection:
      - keep-alive
      X-Subject-Token:
      - gAAAAABjDQCnuGuJR79AK9rlfdlv1Q1PYJNXzv_qeg1QV86T4iDcvGvqyTIxplW6q892s02IkZEUqJPXxbqN--AX7J1EMemAfh6jdCQ26kp36G3zVfVCispk5rSmE50apt-wFzb0HSX0-ZEERqF-lDbUqMSi_BFxicg1aslEjw8dOVMiUlyFxfI
      Vary:
      - X-Auth-Token
      X-Openstack-Request-Id:
      - req-7eab6acd-94d1-4395-aaa6-b37b94c1acb7
    body:
      encoding: ASCII-8BIT
      string: '{"token": {"methods": ["password"], "user": {"domain": {"id": "default",
        "name": "Default"}, "id": "c152ef4680e046adba3d27d84995693e", "name": "admin",
        "password_expires_at": null}, "audit_ids": ["mX4CwcqTQ7ebsDWjXP1hzA"], "expires_at":
        "2022-08-29T19:08:39.000000Z", "issued_at": "2022-08-29T18:08:39.000000Z",
        "project": {"domain": {"id": "default", "name": "Default"}, "id": "2ae41c961536440db58e67b231b85e6e",
        "name": "manageiq-spec-project"}, "is_domain": false, "roles": [{"id": "f036044d9cad4ef79ca5ddebf51ec1d3",
        "name": "reader"}, {"id": "11bf6c76364949b59cab21c7ca60f90f", "name": "admin"},
        {"id": "3f6bffd9ad314dedbcab1275705aa081", "name": "member"}], "catalog":
        [{"endpoints": [{"id": "46d7f1839b474019881a8ced6d6c8ea9", "interface": "admin",
        "region_id": "microstack", "url": "https://11.22.33.44:9292", "region": "microstack"},
        {"id": "70edd08ccdb14c729718f590986589c6", "interface": "public", "region_id":
        "microstack", "url": "https://11.22.33.44:9292", "region": "microstack"},
        {"id": "bfa2fe7d39ea4e748eeda8946f6294e0", "interface": "internal", "region_id":
        "microstack", "url": "https://11.22.33.44:9292", "region": "microstack"}],
        "id": "16b2300ccc0e468eb7b1f608075a53c8", "type": "image", "name": "glance"},
        {"endpoints": [{"id": "19577e5394ce499cbfbdd1d6b4d11846", "interface": "internal",
        "region_id": "microstack", "url": "https://11.22.33.44:8774/v2.1", "region":
        "microstack"}, {"id": "902ad65b9b5a460b9adddce873226118", "interface": "public",
        "region_id": "microstack", "url": "https://11.22.33.44:8774/v2.1", "region":
        "microstack"}, {"id": "c23269dd347d47bc8802d4d617f3391e", "interface": "admin",
        "region_id": "microstack", "url": "https://11.22.33.44:8774/v2.1", "region":
        "microstack"}], "id": "1ecd68ad768b417d856b17225bef0215", "type": "compute",
        "name": "nova"}, {"endpoints": [{"id": "169571a6ce5a44388573e85b981606ea",
        "interface": "public", "region_id": "microstack", "url": "https://11.22.33.44:8776/v2/2ae41c961536440db58e67b231b85e6e",
        "region": "microstack"}, {"id": "8071be47f64449a7a1c495a781ab1ba2", "interface":
        "admin", "region_id": "microstack", "url": "https://11.22.33.44:8776/v2/2ae41c961536440db58e67b231b85e6e",
        "region": "microstack"}, {"id": "80f3fedb8dbd4224b0185fe8b3a0c070", "interface":
        "internal", "region_id": "microstack", "url": "https://11.22.33.44:8776/v2/2ae41c961536440db58e67b231b85e6e",
        "region": "microstack"}], "id": "240773bb7c884240b24452fa5a312d81", "type":
        "volumev2", "name": "cinderv2"}, {"endpoints": [{"id": "19afa18d1c3a4d42a02888bc75476b89",
        "interface": "internal", "region_id": "microstack", "url": "https://11.22.33.44:8776/v3/2ae41c961536440db58e67b231b85e6e",
        "region": "microstack"}, {"id": "7f01af8ba31a4199b9999c506f651627", "interface":
        "public", "region_id": "microstack", "url": "https://11.22.33.44:8776/v3/2ae41c961536440db58e67b231b85e6e",
        "region": "microstack"}, {"id": "90750638a7d848ee8752bafbcfa6804c", "interface":
        "admin", "region_id": "microstack", "url": "https://11.22.33.44:8776/v3/2ae41c961536440db58e67b231b85e6e",
        "region": "microstack"}], "id": "254a03b147a8462fa0d87c3d0049ad6c", "type":
        "volumev3", "name": "cinderv3"}, {"endpoints": [{"id": "036928fad9d74b8a94ce0432e65848b5",
        "interface": "public", "region_id": "microstack", "url": "https://11.22.33.44:8778",
        "region": "microstack"}, {"id": "6178a6d44cc54cb5b5a622a9fd3e2f70", "interface":
        "admin", "region_id": "microstack", "url": "https://11.22.33.44:8778", "region":
        "microstack"}, {"id": "8c4dfd0eac814d829a19ed09e39e601f", "interface": "internal",
        "region_id": "microstack", "url": "https://11.22.33.44:8778", "region": "microstack"}],
        "id": "383d8f540e3f486ab999ad708a206e34", "type": "placement", "name": "placement"},
        {"endpoints": [{"id": "023b9a70e7324be0aec671013299ea71", "interface": "public",
        "region_id": "microstack", "url": "https://11.22.33.44:9696", "region": "microstack"},
        {"id": "a2daa8feb17a4037b384f62b24c2ee08", "interface": "admin", "region_id":
        "microstack", "url": "https://11.22.33.44:9696", "region": "microstack"},
        {"id": "fd861bb01fae4c3fb898ea36749637d6", "interface": "internal", "region_id":
        "microstack", "url": "https://11.22.33.44:9696", "region": "microstack"}],
        "id": "71508b3f34364a0886e75f34e2e25f96", "type": "network", "name": "neutron"},
        {"endpoints": [{"id": "0f1adc13a44e41e38eba7ed8729db17b", "interface": "public",
        "region_id": "microstack", "url": "https://11.22.33.44:5000/v3/", "region":
        "microstack"}, {"id": "2650353cd8b74725942ef58278340b73", "interface": "internal",
        "region_id": "microstack", "url": "https://11.22.33.44:5000/v3/", "region":
        "microstack"}, {"id": "8de99ecd62154e7480a5f625f38f723a", "interface": "admin",
        "region_id": "microstack", "url": "https://11.22.33.44:5000/v3/", "region":
        "microstack"}], "id": "f749ea0ccbd94eea952219e90573e553", "type": "identity",
        "name": "keystone"}]}}'
    http_version:
  recorded_at: Mon, 29 Aug 2022 18:08:39 GMT
- request:
    method: get
    uri: https://11.22.33.44:8774/v2.1/os-server-groups?limit=1000
    body:
      encoding: US-ASCII
      string: ''
    headers:
      User-Agent:
      - fog-core/2.1.0
      Content-Type:
      - application/json
      Accept:
      - application/json
      X-Auth-Token:
      - gAAAAABjDQCnuGuJR79AK9rlfdlv1Q1PYJNXzv_qeg1QV86T4iDcvGvqyTIxplW6q892s02IkZEUqJPXxbqN--AX7J1EMemAfh6jdCQ26kp36G3zVfVCispk5rSmE50apt-wFzb0HSX0-ZEERqF-lDbUqMSi_BFxicg1aslEjw8dOVMiUlyFxfI
      X-Openstack-Nova-Api-Version:
      - '2.15'
  response:
    status:
      code: 200
      message: OK
    headers:
      Server:
      - nginx/1.19.0
      Date:
      - Mon, 29 Aug 2022 18:08:40 GMT
      Content-Type:
      - application/json
      Content-Length:
      - '21'
      Connection:
      - keep-alive
      Openstack-Api-Version:
      - compute 2.15
      X-Openstack-Nova-Api-Version:
      - '2.15'
      Vary:
      - OpenStack-API-Version, X-OpenStack-Nova-API-Version
      X-Openstack-Request-Id:
      - req-8795c53f-5ef0-4961-9ad2-6f4e1d1cc69f
      X-Compute-Request-Id:
      - req-8795c53f-5ef0-4961-9ad2-6f4e1d1cc69f
    body:
      encoding: ASCII-8BIT
      string: '{"server_groups": []}'
    http_version:
  recorded_at: Mon, 29 Aug 2022 18:08:40 GMT
- request:
    method: get
    uri: https://11.22.33.44:8774/v2.1/os-server-groups?limit=1000
    body:
      encoding: US-ASCII
      string: ''
    headers:
      User-Agent:
      - fog-core/2.1.0
      Content-Type:
      - application/json
      Accept:
      - application/json
      X-Auth-Token:
      - gAAAAABjDQCk5c5O1EhfC2539tMAj8fMVN2hU0_fZ-Z_xox5n7X5tFqF37ll7m00Shz6VLXj5yJgFwKYkuRpTSLpB7ZAuxEopq58KaaaN8FPQqfzzV4D2s1QmBeJi_4t4E5n_5UtRahJKAY7oMVM1qaUcDRrc4SzBB4s5IUhGSgQIqB08PCx9NE
      X-Openstack-Nova-Api-Version:
      - '2.15'
  response:
    status:
      code: 200
      message: OK
    headers:
      Server:
      - nginx/1.19.0
      Date:
      - Mon, 29 Aug 2022 18:08:40 GMT
      Content-Type:
      - application/json
      Content-Length:
      - '21'
      Connection:
      - keep-alive
      Openstack-Api-Version:
      - compute 2.15
      X-Openstack-Nova-Api-Version:
      - '2.15'
      Vary:
      - OpenStack-API-Version, X-OpenStack-Nova-API-Version
      X-Openstack-Request-Id:
      - req-fe22af78-af64-4753-93e8-0101970820e9
      X-Compute-Request-Id:
      - req-fe22af78-af64-4753-93e8-0101970820e9
    body:
      encoding: ASCII-8BIT
      string: '{"server_groups": []}'
    http_version:
  recorded_at: Mon, 29 Aug 2022 18:08:40 GMT
- request:
    method: post
    uri: https://11.22.33.44:5000/v3/auth/tokens
    body:
      encoding: UTF-8
      string: '{"auth":{"identity":{"methods":["password"],"password":{"user":{"name":"admin","domain":{"id":"default"},"password":"password_2WpEraURh"}}},"scope":{"project":{"name":"admin","domain":{"id":"default"}}}}}'
    headers:
      User-Agent:
      - fog-core/2.1.0
      Content-Type:
      - application/json
  response:
    status:
      code: 201
      message: CREATED
    headers:
      Server:
      - nginx/1.19.0
      Date:
      - Mon, 29 Aug 2022 18:08:41 GMT
      Content-Type:
      - application/json
      Content-Length:
      - '4765'
      Connection:
      - keep-alive
      X-Subject-Token:
      - gAAAAABjDQCpRmuFM8LfFpkS_nonSSWfSOBy7LFA2-HkoezPXE706iIDQ88U9Mw1Lk2plgyo9kItWV0HYVGtappFFFpl_oHpRTTdz0Zu-pi1Th0cR364j21yakjb_YZjOOFRmQ6PQa57ybeyeUKg36zkTCdfeJPPxxFptoao5bx9wFTdd3wcsoI
      Vary:
      - X-Auth-Token
      X-Openstack-Request-Id:
      - req-a5d01232-aac4-4500-bb87-acb30c26c4b1
    body:
      encoding: ASCII-8BIT
      string: '{"token": {"methods": ["password"], "user": {"domain": {"id": "default",
        "name": "Default"}, "id": "c152ef4680e046adba3d27d84995693e", "name": "admin",
        "password_expires_at": null}, "audit_ids": ["FoG_JxhyT5yMoMoPmD5B6w"], "expires_at":
        "2022-08-29T19:08:41.000000Z", "issued_at": "2022-08-29T18:08:41.000000Z",
        "project": {"domain": {"id": "default", "name": "Default"}, "id": "2d6cfa796cb049c78498b0125c865df7",
        "name": "admin"}, "is_domain": false, "roles": [{"id": "f036044d9cad4ef79ca5ddebf51ec1d3",
        "name": "reader"}, {"id": "11bf6c76364949b59cab21c7ca60f90f", "name": "admin"},
        {"id": "3f6bffd9ad314dedbcab1275705aa081", "name": "member"}], "catalog":
        [{"endpoints": [{"id": "46d7f1839b474019881a8ced6d6c8ea9", "interface": "admin",
        "region_id": "microstack", "url": "https://11.22.33.44:9292", "region": "microstack"},
        {"id": "70edd08ccdb14c729718f590986589c6", "interface": "public", "region_id":
        "microstack", "url": "https://11.22.33.44:9292", "region": "microstack"},
        {"id": "bfa2fe7d39ea4e748eeda8946f6294e0", "interface": "internal", "region_id":
        "microstack", "url": "https://11.22.33.44:9292", "region": "microstack"}],
        "id": "16b2300ccc0e468eb7b1f608075a53c8", "type": "image", "name": "glance"},
        {"endpoints": [{"id": "19577e5394ce499cbfbdd1d6b4d11846", "interface": "internal",
        "region_id": "microstack", "url": "https://11.22.33.44:8774/v2.1", "region":
        "microstack"}, {"id": "902ad65b9b5a460b9adddce873226118", "interface": "public",
        "region_id": "microstack", "url": "https://11.22.33.44:8774/v2.1", "region":
        "microstack"}, {"id": "c23269dd347d47bc8802d4d617f3391e", "interface": "admin",
        "region_id": "microstack", "url": "https://11.22.33.44:8774/v2.1", "region":
        "microstack"}], "id": "1ecd68ad768b417d856b17225bef0215", "type": "compute",
        "name": "nova"}, {"endpoints": [{"id": "169571a6ce5a44388573e85b981606ea",
        "interface": "public", "region_id": "microstack", "url": "https://11.22.33.44:8776/v2/2d6cfa796cb049c78498b0125c865df7",
        "region": "microstack"}, {"id": "8071be47f64449a7a1c495a781ab1ba2", "interface":
        "admin", "region_id": "microstack", "url": "https://11.22.33.44:8776/v2/2d6cfa796cb049c78498b0125c865df7",
        "region": "microstack"}, {"id": "80f3fedb8dbd4224b0185fe8b3a0c070", "interface":
        "internal", "region_id": "microstack", "url": "https://11.22.33.44:8776/v2/2d6cfa796cb049c78498b0125c865df7",
        "region": "microstack"}], "id": "240773bb7c884240b24452fa5a312d81", "type":
        "volumev2", "name": "cinderv2"}, {"endpoints": [{"id": "19afa18d1c3a4d42a02888bc75476b89",
        "interface": "internal", "region_id": "microstack", "url": "https://11.22.33.44:8776/v3/2d6cfa796cb049c78498b0125c865df7",
        "region": "microstack"}, {"id": "7f01af8ba31a4199b9999c506f651627", "interface":
        "public", "region_id": "microstack", "url": "https://11.22.33.44:8776/v3/2d6cfa796cb049c78498b0125c865df7",
        "region": "microstack"}, {"id": "90750638a7d848ee8752bafbcfa6804c", "interface":
        "admin", "region_id": "microstack", "url": "https://11.22.33.44:8776/v3/2d6cfa796cb049c78498b0125c865df7",
        "region": "microstack"}], "id": "254a03b147a8462fa0d87c3d0049ad6c", "type":
        "volumev3", "name": "cinderv3"}, {"endpoints": [{"id": "036928fad9d74b8a94ce0432e65848b5",
        "interface": "public", "region_id": "microstack", "url": "https://11.22.33.44:8778",
        "region": "microstack"}, {"id": "6178a6d44cc54cb5b5a622a9fd3e2f70", "interface":
        "admin", "region_id": "microstack", "url": "https://11.22.33.44:8778", "region":
        "microstack"}, {"id": "8c4dfd0eac814d829a19ed09e39e601f", "interface": "internal",
        "region_id": "microstack", "url": "https://11.22.33.44:8778", "region": "microstack"}],
        "id": "383d8f540e3f486ab999ad708a206e34", "type": "placement", "name": "placement"},
        {"endpoints": [{"id": "023b9a70e7324be0aec671013299ea71", "interface": "public",
        "region_id": "microstack", "url": "https://11.22.33.44:9696", "region": "microstack"},
        {"id": "a2daa8feb17a4037b384f62b24c2ee08", "interface": "admin", "region_id":
        "microstack", "url": "https://11.22.33.44:9696", "region": "microstack"},
        {"id": "fd861bb01fae4c3fb898ea36749637d6", "interface": "internal", "region_id":
        "microstack", "url": "https://11.22.33.44:9696", "region": "microstack"}],
        "id": "71508b3f34364a0886e75f34e2e25f96", "type": "network", "name": "neutron"},
        {"endpoints": [{"id": "0f1adc13a44e41e38eba7ed8729db17b", "interface": "public",
        "region_id": "microstack", "url": "https://11.22.33.44:5000/v3/", "region":
        "microstack"}, {"id": "2650353cd8b74725942ef58278340b73", "interface": "internal",
        "region_id": "microstack", "url": "https://11.22.33.44:5000/v3/", "region":
        "microstack"}, {"id": "8de99ecd62154e7480a5f625f38f723a", "interface": "admin",
        "region_id": "microstack", "url": "https://11.22.33.44:5000/v3/", "region":
        "microstack"}], "id": "f749ea0ccbd94eea952219e90573e553", "type": "identity",
        "name": "keystone"}]}}'
    http_version:
  recorded_at: Mon, 29 Aug 2022 18:08:41 GMT
- request:
    method: get
    uri: https://11.22.33.44:9696/v2.0/networks/30302562-c9f5-4211-8957-44ad1e1fb08b
    body:
      encoding: US-ASCII
      string: ''
    headers:
      User-Agent:
      - fog-core/2.1.0
      Content-Type:
      - application/json
      Accept:
      - application/json
      X-Auth-Token:
      - gAAAAABjDQCpRmuFM8LfFpkS_nonSSWfSOBy7LFA2-HkoezPXE706iIDQ88U9Mw1Lk2plgyo9kItWV0HYVGtappFFFpl_oHpRTTdz0Zu-pi1Th0cR364j21yakjb_YZjOOFRmQ6PQa57ybeyeUKg36zkTCdfeJPPxxFptoao5bx9wFTdd3wcsoI
  response:
    status:
      code: 200
      message: OK
    headers:
      Server:
      - nginx/1.19.0
      Date:
      - Mon, 29 Aug 2022 18:08:41 GMT
      Content-Type:
      - application/json
      Content-Length:
      - '676'
      Connection:
      - keep-alive
      X-Openstack-Request-Id:
      - req-7819350a-efd8-4d23-b4dc-4f51b0971bbf
    body:
      encoding: ASCII-8BIT
      string: '{"network":{"id":"30302562-c9f5-4211-8957-44ad1e1fb08b","name":"manageiq-spec-network","tenant_id":"2d6cfa796cb049c78498b0125c865df7","admin_state_up":true,"mtu":1442,"status":"ACTIVE","subnets":["b026db5a-41fc-4181-b833-024203aed72f"],"shared":false,"availability_zone_hints":[],"availability_zones":[],"ipv4_address_scope":null,"ipv6_address_scope":null,"router:external":false,"description":"","port_security_enabled":true,"tags":[],"created_at":"2022-08-29T18:06:00Z","updated_at":"2022-08-29T18:06:02Z","revision_number":2,"project_id":"2d6cfa796cb049c78498b0125c865df7","provider:network_type":"geneve","provider:physical_network":null,"provider:segmentation_id":21058}}'
    http_version:
  recorded_at: Mon, 29 Aug 2022 18:08:41 GMT
- request:
    method: post
    uri: https://11.22.33.44:5000/v3/auth/tokens
    body:
      encoding: UTF-8
      string: '{"auth":{"identity":{"methods":["password"],"password":{"user":{"name":"admin","domain":{"id":"default"},"password":"password_2WpEraURh"}}},"scope":{"project":{"name":"admin","domain":{"id":"default"}}}}}'
    headers:
      User-Agent:
      - fog-core/2.1.0
      Content-Type:
      - application/json
  response:
    status:
      code: 201
      message: CREATED
    headers:
      Server:
      - nginx/1.19.0
      Date:
      - Mon, 29 Aug 2022 18:08:42 GMT
      Content-Type:
      - application/json
      Content-Length:
      - '4765'
      Connection:
      - keep-alive
      X-Subject-Token:
      - gAAAAABjDQCqHVvBo32gk6MbH4fC6vhYngy5xXJ6i7YvfwHX9LOxDUCRfAARVTGOfiToF0q-UdrWYaNsncC7b-61G9u3hpZvzmXoNpdIqehR9n5NeLSY5Z1W-I4uWBGmE8Dssq9WBe27qidXXdPw-5CBFkj6eAUDOXUEEj4-9wTCOMpv1JZHR6o
      Vary:
      - X-Auth-Token
      X-Openstack-Request-Id:
      - req-6f451af8-919d-4b91-8af4-9cccf8f57325
    body:
      encoding: ASCII-8BIT
      string: '{"token": {"methods": ["password"], "user": {"domain": {"id": "default",
        "name": "Default"}, "id": "c152ef4680e046adba3d27d84995693e", "name": "admin",
        "password_expires_at": null}, "audit_ids": ["mld2VeMLTcaQltBEJxY0DQ"], "expires_at":
        "2022-08-29T19:08:42.000000Z", "issued_at": "2022-08-29T18:08:42.000000Z",
        "project": {"domain": {"id": "default", "name": "Default"}, "id": "2d6cfa796cb049c78498b0125c865df7",
        "name": "admin"}, "is_domain": false, "roles": [{"id": "f036044d9cad4ef79ca5ddebf51ec1d3",
        "name": "reader"}, {"id": "11bf6c76364949b59cab21c7ca60f90f", "name": "admin"},
        {"id": "3f6bffd9ad314dedbcab1275705aa081", "name": "member"}], "catalog":
        [{"endpoints": [{"id": "46d7f1839b474019881a8ced6d6c8ea9", "interface": "admin",
        "region_id": "microstack", "url": "https://11.22.33.44:9292", "region": "microstack"},
        {"id": "70edd08ccdb14c729718f590986589c6", "interface": "public", "region_id":
        "microstack", "url": "https://11.22.33.44:9292", "region": "microstack"},
        {"id": "bfa2fe7d39ea4e748eeda8946f6294e0", "interface": "internal", "region_id":
        "microstack", "url": "https://11.22.33.44:9292", "region": "microstack"}],
        "id": "16b2300ccc0e468eb7b1f608075a53c8", "type": "image", "name": "glance"},
        {"endpoints": [{"id": "19577e5394ce499cbfbdd1d6b4d11846", "interface": "internal",
        "region_id": "microstack", "url": "https://11.22.33.44:8774/v2.1", "region":
        "microstack"}, {"id": "902ad65b9b5a460b9adddce873226118", "interface": "public",
        "region_id": "microstack", "url": "https://11.22.33.44:8774/v2.1", "region":
        "microstack"}, {"id": "c23269dd347d47bc8802d4d617f3391e", "interface": "admin",
        "region_id": "microstack", "url": "https://11.22.33.44:8774/v2.1", "region":
        "microstack"}], "id": "1ecd68ad768b417d856b17225bef0215", "type": "compute",
        "name": "nova"}, {"endpoints": [{"id": "169571a6ce5a44388573e85b981606ea",
        "interface": "public", "region_id": "microstack", "url": "https://11.22.33.44:8776/v2/2d6cfa796cb049c78498b0125c865df7",
        "region": "microstack"}, {"id": "8071be47f64449a7a1c495a781ab1ba2", "interface":
        "admin", "region_id": "microstack", "url": "https://11.22.33.44:8776/v2/2d6cfa796cb049c78498b0125c865df7",
        "region": "microstack"}, {"id": "80f3fedb8dbd4224b0185fe8b3a0c070", "interface":
        "internal", "region_id": "microstack", "url": "https://11.22.33.44:8776/v2/2d6cfa796cb049c78498b0125c865df7",
        "region": "microstack"}], "id": "240773bb7c884240b24452fa5a312d81", "type":
        "volumev2", "name": "cinderv2"}, {"endpoints": [{"id": "19afa18d1c3a4d42a02888bc75476b89",
        "interface": "internal", "region_id": "microstack", "url": "https://11.22.33.44:8776/v3/2d6cfa796cb049c78498b0125c865df7",
        "region": "microstack"}, {"id": "7f01af8ba31a4199b9999c506f651627", "interface":
        "public", "region_id": "microstack", "url": "https://11.22.33.44:8776/v3/2d6cfa796cb049c78498b0125c865df7",
        "region": "microstack"}, {"id": "90750638a7d848ee8752bafbcfa6804c", "interface":
        "admin", "region_id": "microstack", "url": "https://11.22.33.44:8776/v3/2d6cfa796cb049c78498b0125c865df7",
        "region": "microstack"}], "id": "254a03b147a8462fa0d87c3d0049ad6c", "type":
        "volumev3", "name": "cinderv3"}, {"endpoints": [{"id": "036928fad9d74b8a94ce0432e65848b5",
        "interface": "public", "region_id": "microstack", "url": "https://11.22.33.44:8778",
        "region": "microstack"}, {"id": "6178a6d44cc54cb5b5a622a9fd3e2f70", "interface":
        "admin", "region_id": "microstack", "url": "https://11.22.33.44:8778", "region":
        "microstack"}, {"id": "8c4dfd0eac814d829a19ed09e39e601f", "interface": "internal",
        "region_id": "microstack", "url": "https://11.22.33.44:8778", "region": "microstack"}],
        "id": "383d8f540e3f486ab999ad708a206e34", "type": "placement", "name": "placement"},
        {"endpoints": [{"id": "023b9a70e7324be0aec671013299ea71", "interface": "public",
        "region_id": "microstack", "url": "https://11.22.33.44:9696", "region": "microstack"},
        {"id": "a2daa8feb17a4037b384f62b24c2ee08", "interface": "admin", "region_id":
        "microstack", "url": "https://11.22.33.44:9696", "region": "microstack"},
        {"id": "fd861bb01fae4c3fb898ea36749637d6", "interface": "internal", "region_id":
        "microstack", "url": "https://11.22.33.44:9696", "region": "microstack"}],
        "id": "71508b3f34364a0886e75f34e2e25f96", "type": "network", "name": "neutron"},
        {"endpoints": [{"id": "0f1adc13a44e41e38eba7ed8729db17b", "interface": "public",
        "region_id": "microstack", "url": "https://11.22.33.44:5000/v3/", "region":
        "microstack"}, {"id": "2650353cd8b74725942ef58278340b73", "interface": "internal",
        "region_id": "microstack", "url": "https://11.22.33.44:5000/v3/", "region":
        "microstack"}, {"id": "8de99ecd62154e7480a5f625f38f723a", "interface": "admin",
        "region_id": "microstack", "url": "https://11.22.33.44:5000/v3/", "region":
        "microstack"}], "id": "f749ea0ccbd94eea952219e90573e553", "type": "identity",
        "name": "keystone"}]}}'
    http_version:
  recorded_at: Mon, 29 Aug 2022 18:08:42 GMT
- request:
    method: post
    uri: https://11.22.33.44:5000/v3/auth/tokens
    body:
      encoding: UTF-8
      string: '{"auth":{"identity":{"methods":["password"],"password":{"user":{"name":"admin","domain":{"id":"default"},"password":"password_2WpEraURh"}}},"scope":{"project":{"name":"manageiq-spec-project","domain":{"id":"default"}}}}}'
    headers:
      User-Agent:
      - fog-core/2.1.0
      Content-Type:
      - application/json
  response:
    status:
      code: 201
      message: CREATED
    headers:
      Server:
      - nginx/1.19.0
      Date:
      - Mon, 29 Aug 2022 18:08:42 GMT
      Content-Type:
      - application/json
      Content-Length:
      - '4781'
      Connection:
      - keep-alive
      X-Subject-Token:
      - gAAAAABjDQCqqOhuL2ACaYTkM44wx8ZZST_CJ4Bl6F_iD6aevv4LI08kbaelKmD1iEBgr-FFMsiHyw216Xb_as7jV3ldSlkF5-KRGO7qEhp5borAXHWu0ZBox04rlVsZ6NRjoBHcrda8B2pWOxY3tEwMsS0gGdSUGw-zsrCzecSGgVPch8jkmlA
      Vary:
      - X-Auth-Token
      X-Openstack-Request-Id:
      - req-99110581-35c1-43e0-b63a-16d55476a8b6
    body:
      encoding: ASCII-8BIT
      string: '{"token": {"methods": ["password"], "user": {"domain": {"id": "default",
        "name": "Default"}, "id": "c152ef4680e046adba3d27d84995693e", "name": "admin",
        "password_expires_at": null}, "audit_ids": ["7JKGykLTSASUnGeY0ZRJxA"], "expires_at":
        "2022-08-29T19:08:42.000000Z", "issued_at": "2022-08-29T18:08:42.000000Z",
        "project": {"domain": {"id": "default", "name": "Default"}, "id": "2ae41c961536440db58e67b231b85e6e",
        "name": "manageiq-spec-project"}, "is_domain": false, "roles": [{"id": "f036044d9cad4ef79ca5ddebf51ec1d3",
        "name": "reader"}, {"id": "11bf6c76364949b59cab21c7ca60f90f", "name": "admin"},
        {"id": "3f6bffd9ad314dedbcab1275705aa081", "name": "member"}], "catalog":
        [{"endpoints": [{"id": "46d7f1839b474019881a8ced6d6c8ea9", "interface": "admin",
        "region_id": "microstack", "url": "https://11.22.33.44:9292", "region": "microstack"},
        {"id": "70edd08ccdb14c729718f590986589c6", "interface": "public", "region_id":
        "microstack", "url": "https://11.22.33.44:9292", "region": "microstack"},
        {"id": "bfa2fe7d39ea4e748eeda8946f6294e0", "interface": "internal", "region_id":
        "microstack", "url": "https://11.22.33.44:9292", "region": "microstack"}],
        "id": "16b2300ccc0e468eb7b1f608075a53c8", "type": "image", "name": "glance"},
        {"endpoints": [{"id": "19577e5394ce499cbfbdd1d6b4d11846", "interface": "internal",
        "region_id": "microstack", "url": "https://11.22.33.44:8774/v2.1", "region":
        "microstack"}, {"id": "902ad65b9b5a460b9adddce873226118", "interface": "public",
        "region_id": "microstack", "url": "https://11.22.33.44:8774/v2.1", "region":
        "microstack"}, {"id": "c23269dd347d47bc8802d4d617f3391e", "interface": "admin",
        "region_id": "microstack", "url": "https://11.22.33.44:8774/v2.1", "region":
        "microstack"}], "id": "1ecd68ad768b417d856b17225bef0215", "type": "compute",
        "name": "nova"}, {"endpoints": [{"id": "169571a6ce5a44388573e85b981606ea",
        "interface": "public", "region_id": "microstack", "url": "https://11.22.33.44:8776/v2/2ae41c961536440db58e67b231b85e6e",
        "region": "microstack"}, {"id": "8071be47f64449a7a1c495a781ab1ba2", "interface":
        "admin", "region_id": "microstack", "url": "https://11.22.33.44:8776/v2/2ae41c961536440db58e67b231b85e6e",
        "region": "microstack"}, {"id": "80f3fedb8dbd4224b0185fe8b3a0c070", "interface":
        "internal", "region_id": "microstack", "url": "https://11.22.33.44:8776/v2/2ae41c961536440db58e67b231b85e6e",
        "region": "microstack"}], "id": "240773bb7c884240b24452fa5a312d81", "type":
        "volumev2", "name": "cinderv2"}, {"endpoints": [{"id": "19afa18d1c3a4d42a02888bc75476b89",
        "interface": "internal", "region_id": "microstack", "url": "https://11.22.33.44:8776/v3/2ae41c961536440db58e67b231b85e6e",
        "region": "microstack"}, {"id": "7f01af8ba31a4199b9999c506f651627", "interface":
        "public", "region_id": "microstack", "url": "https://11.22.33.44:8776/v3/2ae41c961536440db58e67b231b85e6e",
        "region": "microstack"}, {"id": "90750638a7d848ee8752bafbcfa6804c", "interface":
        "admin", "region_id": "microstack", "url": "https://11.22.33.44:8776/v3/2ae41c961536440db58e67b231b85e6e",
        "region": "microstack"}], "id": "254a03b147a8462fa0d87c3d0049ad6c", "type":
        "volumev3", "name": "cinderv3"}, {"endpoints": [{"id": "036928fad9d74b8a94ce0432e65848b5",
        "interface": "public", "region_id": "microstack", "url": "https://11.22.33.44:8778",
        "region": "microstack"}, {"id": "6178a6d44cc54cb5b5a622a9fd3e2f70", "interface":
        "admin", "region_id": "microstack", "url": "https://11.22.33.44:8778", "region":
        "microstack"}, {"id": "8c4dfd0eac814d829a19ed09e39e601f", "interface": "internal",
        "region_id": "microstack", "url": "https://11.22.33.44:8778", "region": "microstack"}],
        "id": "383d8f540e3f486ab999ad708a206e34", "type": "placement", "name": "placement"},
        {"endpoints": [{"id": "023b9a70e7324be0aec671013299ea71", "interface": "public",
        "region_id": "microstack", "url": "https://11.22.33.44:9696", "region": "microstack"},
        {"id": "a2daa8feb17a4037b384f62b24c2ee08", "interface": "admin", "region_id":
        "microstack", "url": "https://11.22.33.44:9696", "region": "microstack"},
        {"id": "fd861bb01fae4c3fb898ea36749637d6", "interface": "internal", "region_id":
        "microstack", "url": "https://11.22.33.44:9696", "region": "microstack"}],
        "id": "71508b3f34364a0886e75f34e2e25f96", "type": "network", "name": "neutron"},
        {"endpoints": [{"id": "0f1adc13a44e41e38eba7ed8729db17b", "interface": "public",
        "region_id": "microstack", "url": "https://11.22.33.44:5000/v3/", "region":
        "microstack"}, {"id": "2650353cd8b74725942ef58278340b73", "interface": "internal",
        "region_id": "microstack", "url": "https://11.22.33.44:5000/v3/", "region":
        "microstack"}, {"id": "8de99ecd62154e7480a5f625f38f723a", "interface": "admin",
        "region_id": "microstack", "url": "https://11.22.33.44:5000/v3/", "region":
        "microstack"}], "id": "f749ea0ccbd94eea952219e90573e553", "type": "identity",
        "name": "keystone"}]}}'
    http_version:
  recorded_at: Mon, 29 Aug 2022 18:08:42 GMT
- request:
    method: get
    uri: https://11.22.33.44:9696/v2.0/subnets?limit=1000
    body:
      encoding: US-ASCII
      string: ''
    headers:
      User-Agent:
      - fog-core/2.1.0
      Content-Type:
      - application/json
      Accept:
      - application/json
      X-Auth-Token:
      - gAAAAABjDQCqqOhuL2ACaYTkM44wx8ZZST_CJ4Bl6F_iD6aevv4LI08kbaelKmD1iEBgr-FFMsiHyw216Xb_as7jV3ldSlkF5-KRGO7qEhp5borAXHWu0ZBox04rlVsZ6NRjoBHcrda8B2pWOxY3tEwMsS0gGdSUGw-zsrCzecSGgVPch8jkmlA
  response:
    status:
      code: 200
      message: OK
    headers:
      Server:
      - nginx/1.19.0
      Date:
      - Mon, 29 Aug 2022 18:08:43 GMT
      Content-Type:
      - application/json
      Content-Length:
      - '1977'
      Connection:
      - keep-alive
      X-Openstack-Request-Id:
      - req-9d5e69ac-ee5f-4077-90d8-cdc13aabc5ab
    body:
      encoding: ASCII-8BIT
      string: '{"subnets":[{"id":"a580f021-1024-4304-8f11-4d07f9ea8ec8","name":"test-subnet","tenant_id":"2d6cfa796cb049c78498b0125c865df7","network_id":"3dc48262-be01-41bb-b6c3-ee85f94d7341","ip_version":4,"subnetpool_id":null,"enable_dhcp":true,"ipv6_ra_mode":null,"ipv6_address_mode":null,"gateway_ip":"192.168.222.1","cidr":"192.168.222.0/24","allocation_pools":[{"start":"192.168.222.2","end":"192.168.222.254"}],"host_routes":[],"dns_nameservers":[],"description":"","service_types":[],"tags":[],"created_at":"2022-08-16T18:15:49Z","updated_at":"2022-08-16T18:15:49Z","revision_number":0,"project_id":"2d6cfa796cb049c78498b0125c865df7"},{"id":"b026db5a-41fc-4181-b833-024203aed72f","name":"","tenant_id":"2d6cfa796cb049c78498b0125c865df7","network_id":"30302562-c9f5-4211-8957-44ad1e1fb08b","ip_version":4,"subnetpool_id":null,"enable_dhcp":true,"ipv6_ra_mode":null,"ipv6_address_mode":null,"gateway_ip":"10.0.0.1","cidr":"10.0.0.0/21","allocation_pools":[{"start":"10.0.0.2","end":"10.0.7.254"}],"host_routes":[],"dns_nameservers":[],"description":"","service_types":[],"tags":[],"created_at":"2022-08-29T18:06:02Z","updated_at":"2022-08-29T18:06:02Z","revision_number":0,"project_id":"2d6cfa796cb049c78498b0125c865df7"},{"id":"bf6662a5-dae5-4069-9fcd-f78277322225","name":"external-subnet","tenant_id":"2d6cfa796cb049c78498b0125c865df7","network_id":"926c07b4-09f5-4cdd-aba8-65b9786d6302","ip_version":4,"subnetpool_id":null,"enable_dhcp":false,"ipv6_ra_mode":null,"ipv6_address_mode":null,"gateway_ip":"10.20.20.1","cidr":"10.20.20.0/24","allocation_pools":[{"start":"10.20.20.2","end":"10.20.20.254"}],"host_routes":[],"dns_nameservers":[],"description":"","service_types":[],"tags":[],"created_at":"2022-08-16T18:16:12Z","updated_at":"2022-08-16T18:16:12Z","revision_number":0,"project_id":"2d6cfa796cb049c78498b0125c865df7"}],"subnets_links":[{"rel":"previous","href":"http://127.0.0.1:9686/v2.0/subnets?limit=1000&marker=a580f021-1024-4304-8f11-4d07f9ea8ec8&page_reverse=True"}]}'
    http_version:
  recorded_at: Mon, 29 Aug 2022 18:08:43 GMT
- request:
    method: get
    uri: https://11.22.33.44:9696/v2.0/subnets?limit=1000&marker=bf6662a5-dae5-4069-9fcd-f78277322225
    body:
      encoding: US-ASCII
      string: ''
    headers:
      User-Agent:
      - fog-core/2.1.0
      Content-Type:
      - application/json
      Accept:
      - application/json
      X-Auth-Token:
      - gAAAAABjDQCqqOhuL2ACaYTkM44wx8ZZST_CJ4Bl6F_iD6aevv4LI08kbaelKmD1iEBgr-FFMsiHyw216Xb_as7jV3ldSlkF5-KRGO7qEhp5borAXHWu0ZBox04rlVsZ6NRjoBHcrda8B2pWOxY3tEwMsS0gGdSUGw-zsrCzecSGgVPch8jkmlA
  response:
    status:
      code: 200
      message: OK
    headers:
      Server:
      - nginx/1.19.0
      Date:
      - Mon, 29 Aug 2022 18:08:43 GMT
      Content-Type:
      - application/json
      Content-Length:
      - '124'
      Connection:
      - keep-alive
      X-Openstack-Request-Id:
      - req-1fff47ce-c1cb-4e5d-af0e-7b2f5c8a27bb
    body:
      encoding: ASCII-8BIT
      string: '{"subnets":[],"subnets_links":[{"rel":"previous","href":"http://127.0.0.1:9686/v2.0/subnets?limit=1000&page_reverse=True"}]}'
    http_version:
  recorded_at: Mon, 29 Aug 2022 18:08:43 GMT
- request:
    method: get
    uri: https://11.22.33.44:9696/v2.0/subnets?limit=1000
    body:
      encoding: US-ASCII
      string: ''
    headers:
      User-Agent:
      - fog-core/2.1.0
      Content-Type:
      - application/json
      Accept:
      - application/json
      X-Auth-Token:
      - gAAAAABjDQCpRmuFM8LfFpkS_nonSSWfSOBy7LFA2-HkoezPXE706iIDQ88U9Mw1Lk2plgyo9kItWV0HYVGtappFFFpl_oHpRTTdz0Zu-pi1Th0cR364j21yakjb_YZjOOFRmQ6PQa57ybeyeUKg36zkTCdfeJPPxxFptoao5bx9wFTdd3wcsoI
  response:
    status:
      code: 200
      message: OK
    headers:
      Server:
      - nginx/1.19.0
      Date:
      - Mon, 29 Aug 2022 18:08:43 GMT
      Content-Type:
      - application/json
      Content-Length:
      - '1977'
      Connection:
      - keep-alive
      X-Openstack-Request-Id:
      - req-7f357227-d6f4-4f09-9402-6c2f8ba8a3b6
    body:
      encoding: ASCII-8BIT
      string: '{"subnets":[{"id":"a580f021-1024-4304-8f11-4d07f9ea8ec8","name":"test-subnet","tenant_id":"2d6cfa796cb049c78498b0125c865df7","network_id":"3dc48262-be01-41bb-b6c3-ee85f94d7341","ip_version":4,"subnetpool_id":null,"enable_dhcp":true,"ipv6_ra_mode":null,"ipv6_address_mode":null,"gateway_ip":"192.168.222.1","cidr":"192.168.222.0/24","allocation_pools":[{"start":"192.168.222.2","end":"192.168.222.254"}],"host_routes":[],"dns_nameservers":[],"description":"","service_types":[],"tags":[],"created_at":"2022-08-16T18:15:49Z","updated_at":"2022-08-16T18:15:49Z","revision_number":0,"project_id":"2d6cfa796cb049c78498b0125c865df7"},{"id":"b026db5a-41fc-4181-b833-024203aed72f","name":"","tenant_id":"2d6cfa796cb049c78498b0125c865df7","network_id":"30302562-c9f5-4211-8957-44ad1e1fb08b","ip_version":4,"subnetpool_id":null,"enable_dhcp":true,"ipv6_ra_mode":null,"ipv6_address_mode":null,"gateway_ip":"10.0.0.1","cidr":"10.0.0.0/21","allocation_pools":[{"start":"10.0.0.2","end":"10.0.7.254"}],"host_routes":[],"dns_nameservers":[],"description":"","service_types":[],"tags":[],"created_at":"2022-08-29T18:06:02Z","updated_at":"2022-08-29T18:06:02Z","revision_number":0,"project_id":"2d6cfa796cb049c78498b0125c865df7"},{"id":"bf6662a5-dae5-4069-9fcd-f78277322225","name":"external-subnet","tenant_id":"2d6cfa796cb049c78498b0125c865df7","network_id":"926c07b4-09f5-4cdd-aba8-65b9786d6302","ip_version":4,"subnetpool_id":null,"enable_dhcp":false,"ipv6_ra_mode":null,"ipv6_address_mode":null,"gateway_ip":"10.20.20.1","cidr":"10.20.20.0/24","allocation_pools":[{"start":"10.20.20.2","end":"10.20.20.254"}],"host_routes":[],"dns_nameservers":[],"description":"","service_types":[],"tags":[],"created_at":"2022-08-16T18:16:12Z","updated_at":"2022-08-16T18:16:12Z","revision_number":0,"project_id":"2d6cfa796cb049c78498b0125c865df7"}],"subnets_links":[{"rel":"previous","href":"http://127.0.0.1:9686/v2.0/subnets?limit=1000&marker=a580f021-1024-4304-8f11-4d07f9ea8ec8&page_reverse=True"}]}'
    http_version:
  recorded_at: Mon, 29 Aug 2022 18:08:43 GMT
- request:
    method: get
    uri: https://11.22.33.44:9696/v2.0/subnets?limit=1000&marker=bf6662a5-dae5-4069-9fcd-f78277322225
    body:
      encoding: US-ASCII
      string: ''
    headers:
      User-Agent:
      - fog-core/2.1.0
      Content-Type:
      - application/json
      Accept:
      - application/json
      X-Auth-Token:
      - gAAAAABjDQCpRmuFM8LfFpkS_nonSSWfSOBy7LFA2-HkoezPXE706iIDQ88U9Mw1Lk2plgyo9kItWV0HYVGtappFFFpl_oHpRTTdz0Zu-pi1Th0cR364j21yakjb_YZjOOFRmQ6PQa57ybeyeUKg36zkTCdfeJPPxxFptoao5bx9wFTdd3wcsoI
  response:
    status:
      code: 200
      message: OK
    headers:
      Server:
      - nginx/1.19.0
      Date:
      - Mon, 29 Aug 2022 18:08:43 GMT
      Content-Type:
      - application/json
      Content-Length:
      - '124'
      Connection:
      - keep-alive
      X-Openstack-Request-Id:
      - req-5a761baf-726e-4db2-ab18-4eb7478cd7d9
    body:
      encoding: ASCII-8BIT
      string: '{"subnets":[],"subnets_links":[{"rel":"previous","href":"http://127.0.0.1:9686/v2.0/subnets?limit=1000&page_reverse=True"}]}'
    http_version:
  recorded_at: Mon, 29 Aug 2022 18:08:43 GMT
- request:
    method: post
    uri: https://11.22.33.44:5000/v3/auth/tokens
    body:
      encoding: UTF-8
      string: '{"auth":{"identity":{"methods":["password"],"password":{"user":{"name":"admin","domain":{"id":"default"},"password":"password_2WpEraURh"}}},"scope":{"project":{"name":"admin","domain":{"id":"default"}}}}}'
    headers:
      User-Agent:
      - fog-core/2.1.0
      Content-Type:
      - application/json
  response:
    status:
      code: 201
      message: CREATED
    headers:
      Server:
      - nginx/1.19.0
      Date:
      - Mon, 29 Aug 2022 18:08:44 GMT
      Content-Type:
      - application/json
      Content-Length:
      - '4765'
      Connection:
      - keep-alive
      X-Subject-Token:
      - gAAAAABjDQCs6ZgyKftSepssAo9JgTIl6vzDn-hnjzb-5kAqx8MDZTlSIeCmupr3iwlRL-WAPJIDdgohR_3ZhC2JPKzCGoxwOs4SsCwOflUzhgxbkDvgN-mJhjejZoZZlYTQV2v8u_1zoFzDe98pVGiEGiI-OlrNBpbvsEAYs4_KDWFYrSeN5QY
      Vary:
      - X-Auth-Token
      X-Openstack-Request-Id:
      - req-74b70f5a-9b98-4bc5-8cf5-ffe01beb78fc
    body:
      encoding: ASCII-8BIT
      string: '{"token": {"methods": ["password"], "user": {"domain": {"id": "default",
        "name": "Default"}, "id": "c152ef4680e046adba3d27d84995693e", "name": "admin",
        "password_expires_at": null}, "audit_ids": ["N0jrWVBeQY2AhkjsCsJLjA"], "expires_at":
        "2022-08-29T19:08:44.000000Z", "issued_at": "2022-08-29T18:08:44.000000Z",
        "project": {"domain": {"id": "default", "name": "Default"}, "id": "2d6cfa796cb049c78498b0125c865df7",
        "name": "admin"}, "is_domain": false, "roles": [{"id": "f036044d9cad4ef79ca5ddebf51ec1d3",
        "name": "reader"}, {"id": "11bf6c76364949b59cab21c7ca60f90f", "name": "admin"},
        {"id": "3f6bffd9ad314dedbcab1275705aa081", "name": "member"}], "catalog":
        [{"endpoints": [{"id": "46d7f1839b474019881a8ced6d6c8ea9", "interface": "admin",
        "region_id": "microstack", "url": "https://11.22.33.44:9292", "region": "microstack"},
        {"id": "70edd08ccdb14c729718f590986589c6", "interface": "public", "region_id":
        "microstack", "url": "https://11.22.33.44:9292", "region": "microstack"},
        {"id": "bfa2fe7d39ea4e748eeda8946f6294e0", "interface": "internal", "region_id":
        "microstack", "url": "https://11.22.33.44:9292", "region": "microstack"}],
        "id": "16b2300ccc0e468eb7b1f608075a53c8", "type": "image", "name": "glance"},
        {"endpoints": [{"id": "19577e5394ce499cbfbdd1d6b4d11846", "interface": "internal",
        "region_id": "microstack", "url": "https://11.22.33.44:8774/v2.1", "region":
        "microstack"}, {"id": "902ad65b9b5a460b9adddce873226118", "interface": "public",
        "region_id": "microstack", "url": "https://11.22.33.44:8774/v2.1", "region":
        "microstack"}, {"id": "c23269dd347d47bc8802d4d617f3391e", "interface": "admin",
        "region_id": "microstack", "url": "https://11.22.33.44:8774/v2.1", "region":
        "microstack"}], "id": "1ecd68ad768b417d856b17225bef0215", "type": "compute",
        "name": "nova"}, {"endpoints": [{"id": "169571a6ce5a44388573e85b981606ea",
        "interface": "public", "region_id": "microstack", "url": "https://11.22.33.44:8776/v2/2d6cfa796cb049c78498b0125c865df7",
        "region": "microstack"}, {"id": "8071be47f64449a7a1c495a781ab1ba2", "interface":
        "admin", "region_id": "microstack", "url": "https://11.22.33.44:8776/v2/2d6cfa796cb049c78498b0125c865df7",
        "region": "microstack"}, {"id": "80f3fedb8dbd4224b0185fe8b3a0c070", "interface":
        "internal", "region_id": "microstack", "url": "https://11.22.33.44:8776/v2/2d6cfa796cb049c78498b0125c865df7",
        "region": "microstack"}], "id": "240773bb7c884240b24452fa5a312d81", "type":
        "volumev2", "name": "cinderv2"}, {"endpoints": [{"id": "19afa18d1c3a4d42a02888bc75476b89",
        "interface": "internal", "region_id": "microstack", "url": "https://11.22.33.44:8776/v3/2d6cfa796cb049c78498b0125c865df7",
        "region": "microstack"}, {"id": "7f01af8ba31a4199b9999c506f651627", "interface":
        "public", "region_id": "microstack", "url": "https://11.22.33.44:8776/v3/2d6cfa796cb049c78498b0125c865df7",
        "region": "microstack"}, {"id": "90750638a7d848ee8752bafbcfa6804c", "interface":
        "admin", "region_id": "microstack", "url": "https://11.22.33.44:8776/v3/2d6cfa796cb049c78498b0125c865df7",
        "region": "microstack"}], "id": "254a03b147a8462fa0d87c3d0049ad6c", "type":
        "volumev3", "name": "cinderv3"}, {"endpoints": [{"id": "036928fad9d74b8a94ce0432e65848b5",
        "interface": "public", "region_id": "microstack", "url": "https://11.22.33.44:8778",
        "region": "microstack"}, {"id": "6178a6d44cc54cb5b5a622a9fd3e2f70", "interface":
        "admin", "region_id": "microstack", "url": "https://11.22.33.44:8778", "region":
        "microstack"}, {"id": "8c4dfd0eac814d829a19ed09e39e601f", "interface": "internal",
        "region_id": "microstack", "url": "https://11.22.33.44:8778", "region": "microstack"}],
        "id": "383d8f540e3f486ab999ad708a206e34", "type": "placement", "name": "placement"},
        {"endpoints": [{"id": "023b9a70e7324be0aec671013299ea71", "interface": "public",
        "region_id": "microstack", "url": "https://11.22.33.44:9696", "region": "microstack"},
        {"id": "a2daa8feb17a4037b384f62b24c2ee08", "interface": "admin", "region_id":
        "microstack", "url": "https://11.22.33.44:9696", "region": "microstack"},
        {"id": "fd861bb01fae4c3fb898ea36749637d6", "interface": "internal", "region_id":
        "microstack", "url": "https://11.22.33.44:9696", "region": "microstack"}],
        "id": "71508b3f34364a0886e75f34e2e25f96", "type": "network", "name": "neutron"},
        {"endpoints": [{"id": "0f1adc13a44e41e38eba7ed8729db17b", "interface": "public",
        "region_id": "microstack", "url": "https://11.22.33.44:5000/v3/", "region":
        "microstack"}, {"id": "2650353cd8b74725942ef58278340b73", "interface": "internal",
        "region_id": "microstack", "url": "https://11.22.33.44:5000/v3/", "region":
        "microstack"}, {"id": "8de99ecd62154e7480a5f625f38f723a", "interface": "admin",
        "region_id": "microstack", "url": "https://11.22.33.44:5000/v3/", "region":
        "microstack"}], "id": "f749ea0ccbd94eea952219e90573e553", "type": "identity",
        "name": "keystone"}]}}'
    http_version:
  recorded_at: Mon, 29 Aug 2022 18:08:44 GMT
recorded_with: VCR 5.1.0
